03-17 16:14:15.087  1702  2555 I WindowManager: Destroying surface Surface(name=PopupWindow:9b04807) called by com.android.server.wm.WindowStateAnimator.destroySurface:2060 com.android.server.wm.WindowStateAnimator.destroySurfaceLocked:913 com.android.server.wm.WindowState.removeLocked:1554 com.android.server.wm.WindowManagerService.removeWindowInnerLocked:2739 com.android.server.wm.WindowManagerService.removeWindowInnerLocked:2702 com.android.server.wm.WindowManagerService.removeWindowLocked:2691 com.android.server.wm.WindowManagerService.removeWindowLocked:2560 com.android.server.wm.WindowManagerService.removeWindow:2555 
03-17 16:14:15.091  2227  2227 I PhoneStatusBar: setSystemUiVisibility vis=0 mask=1 oldVal=40000500 newVal=40000500 diff=0 fullscreenStackVis=0 dockedStackVis=0, fullscreenStackBounds=Rect(0, 0 - 0, 0), dockedStackBounds=Rect(0, 0 - 0, 0)
03-17 16:14:15.942  1702  1820 D DisplayPowerController: Animating brightness: target=38, rate=200
03-17 16:14:16.223  1702  2105 D PowerManagerService: userActivityNoUpdateLocked: eventTime=261880856, event=2, flags=0x0, uid=1000
03-17 16:14:16.332  2227  2227 V PhoneStatusBar: setLightsOn(true)
03-17 16:14:16.369  2227  2227 I PhoneStatusBar: setSystemUiVisibility vis=0 mask=1 oldVal=40000500 newVal=40000500 diff=0 fullscreenStackVis=0 dockedStackVis=0, fullscreenStackBounds=Rect(0, 0 - 0, 0), dockedStackBounds=Rect(0, 0 - 0, 0)
03-17 16:14:16.585  2227  2227 I PhoneStatusBar: setSystemUiVisibility vis=0 mask=1 oldVal=40000500 newVal=40000500 diff=0 fullscreenStackVis=0 dockedStackVis=0, fullscreenStackBounds=Rect(0, 0 - 0, 0), dockedStackBounds=Rect(0, 0 - 0, 0)
03-17 16:14:16.769  1702  2105 D PowerManagerService: userActivityNoUpdateLocked: eventTime=261881405, event=2, flags=0x0, uid=1000
03-17 16:14:16.770  1702  2105 D PowerManagerService: ready=true,policy=3,wakefulness=1,wksummary=0x0,uasummary=0x1,bootcompleted=true,boostinprogress=false,waitmodeenable=false,mode=false,manual=38,auto=-1,adj=0.0userId=0
03-17 16:14:16.800  2227  2227 V PhoneStatusBar: setLightsOn(true)
03-17 16:14:17.036  2227  2227 V PhoneStatusBar: setLightsOn(true)
03-17 16:14:17.957  1702  2556 W ActivityManager: getRunningAppProcesses: caller 10113 does not hold REAL_GET_TASKS; limiting output
03-17 16:14:18.961  1702  2105 D PowerManagerService: userActivityNoUpdateLocked: eventTime=261883596, event=2, flags=0x0, uid=1000
03-17 16:14:18.962  1702  2105 D PowerManagerService: ready=true,policy=3,wakefulness=1,wksummary=0x0,uasummary=0x1,bootcompleted=true,boostinprogress=false,waitmodeenable=false,mode=false,manual=38,auto=-1,adj=0.0userId=0
03-17 16:14:19.061  2227  2227 V PhoneStatusBar: setLightsOn(true)
03-17 16:14:19.311  2227  2227 V PhoneStatusBar: setLightsOn(true)
03-17 16:14:19.311  2227  2227 I PhoneStatusBar: setSystemUiVisibility vis=0 mask=1 oldVal=40000500 newVal=40000500 diff=0 fullscreenStackVis=0 dockedStackVis=0, fullscreenStackBounds=Rect(0, 0 - 0, 0), dockedStackBounds=Rect(0, 0 - 0, 0)
03-17 16:14:19.550  1702  1820 I DisplayPowerController: HBM brightnessIn =38
03-17 16:14:19.831  1702  2105 D PowerManagerService: ready=true,policy=3,wakefulness=1,wksummary=0x0,uasummary=0x1,bootcompleted=true,boostinprogress=false,waitmodeenable=false,mode=false,manual=38,auto=-1,adj=0.0userId=0
03-17 16:14:19.898  2227  2227 V PhoneStatusBar: setLightsOn(true)
03-17 16:14:19.898  2227  2227 I PhoneStatusBar: setSystemUiVisibility vis=0 mask=1 oldVal=40000500 newVal=40000500 diff=0 fullscreenStackVis=0 dockedStackVis=0, fullscreenStackBounds=Rect(0, 0 - 0, 0), dockedStackBounds=Rect(0, 0 - 0, 0)
03-17 16:14:20.275  2227  2227 V PhoneStatusBar: setLightsOn(true)
03-17 16:14:20.291  2227  2227 V PhoneStatusBar: setLightsOn(true)
03-17 16:14:20.292  2227  2227 I PhoneStatusBar: setSystemUiVisibility vis=0 mask=1 oldVal=40000500 newVal=40000500 diff=0 fullscreenStackVis=0 dockedStackVis=0, fullscreenStackBounds=Rect(0, 0 - 0, 0), dockedStackBounds=Rect(0, 0 - 0, 0)
03-17 16:14:20.530  2227  2227 I PhoneStatusBar: setSystemUiVisibility vis=0 mask=1 oldVal=40000500 newVal=40000500 diff=0 fullscreenStackVis=0 dockedStackVis=0, fullscreenStackBounds=Rect(0, 0 - 0, 0), dockedStackBounds=Rect(0, 0 - 0, 0)
03-17 16:14:20.667  1702  2105 D PowerManagerService: ready=true,policy=3,wakefulness=1,wksummary=0x0,uasummary=0x1,bootcompleted=true,boostinprogress=false,waitmodeenable=false,mode=false,manual=38,auto=-1,adj=0.0userId=0
03-17 16:14:21.261  2227  2227 V PhoneStatusBar: setLightsOn(true)
03-17 16:14:21.262  2227  2227 I PhoneStatusBar: setSystemUiVisibility vis=0 mask=1 oldVal=40000500 newVal=40000500 diff=0 fullscreenStackVis=0 dockedStackVis=0, fullscreenStackBounds=Rect(0, 0 - 0, 0), dockedStackBounds=Rect(0, 0 - 0, 0)
03-17 16:14:21.278  2227  2227 V PhoneStatusBar: setLightsOn(true)
03-17 16:14:21.466  2227  2227 V PhoneStatusBar: setLightsOn(true)
03-17 16:14:21.467  2227  2227 I PhoneStatusBar: setSystemUiVisibility vis=0 mask=1 oldVal=40000500 newVal=40000500 diff=0 fullscreenStackVis=0 dockedStackVis=0, fullscreenStackBounds=Rect(0, 0 - 0, 0), dockedStackBounds=Rect(0, 0 - 0, 0)
03-17 16:14:21.886  1702  2105 D PowerManagerService: ready=true,policy=3,wakefulness=1,wksummary=0x0,uasummary=0x1,bootcompleted=true,boostinprogress=false,waitmodeenable=false,mode=false,manual=38,auto=-1,adj=0.0userId=0
03-17 16:14:21.967  2227  2227 V PhoneStatusBar: setLightsOn(true)
03-17 16:14:21.967  2227  2227 I PhoneStatusBar: setSystemUiVisibility vis=0 mask=1 oldVal=40000500 newVal=40000500 diff=0 fullscreenStackVis=0 dockedStackVis=0, fullscreenStackBounds=Rect(0, 0 - 0, 0), dockedStackBounds=Rect(0, 0 - 0, 0)
03-17 16:14:22.436  1702  2105 D PowerManagerService: userActivityNoUpdateLocked: eventTime=261887070, event=2, flags=0x0, uid=1000
03-17 16:14:22.502 28601 28601 V AudioManager: playSoundEffect   effectType: 0
03-17 16:14:22.521  2227  2227 V PhoneStatusBar: setLightsOn(true)
03-17 16:14:22.522  2227  2227 I PhoneStatusBar: setSystemUiVisibility vis=0 mask=1 oldVal=40000500 newVal=40000500 diff=0 fullscreenStackVis=0 dockedStackVis=0, fullscreenStackBounds=Rect(0, 0 - 0, 0), dockedStackBounds=Rect(0, 0 - 0, 0)
03-17 16:14:22.534  1702 14638 I WindowManager: Destroying surface Surface(name=PopupWindow:317e46) called by com.android.server.wm.WindowStateAnimator.destroySurface:2060 com.android.server.wm.WindowStateAnimator.destroySurfaceLocked:913 com.android.server.wm.WindowState.removeLocked:1554 com.android.server.wm.WindowManagerService.removeWindowInnerLocked:2739 com.android.server.wm.WindowManagerService.removeWindowInnerLocked:2702 com.android.server.wm.WindowManagerService.removeWindowLocked:2691 com.android.server.wm.WindowManagerService.removeWindowLocked:2560 com.android.server.wm.WindowManagerService.removeWindow:2555 
03-17 16:14:22.539  2227  2227 I PhoneStatusBar: setSystemUiVisibility vis=0 mask=1 oldVal=40000500 newVal=40000500 diff=0 fullscreenStackVis=0 dockedStackVis=0, fullscreenStackBounds=Rect(0, 0 - 0, 0), dockedStackBounds=Rect(0, 0 - 0, 0)
03-17 16:14:22.633  2227  2227 I PhoneStatusBar: setSystemUiVisibility vis=0 mask=1 oldVal=40000500 newVal=40000500 diff=0 fullscreenStackVis=0 dockedStackVis=0, fullscreenStackBounds=Rect(0, 0 - 0, 0), dockedStackBounds=Rect(0, 0 - 0, 0)
03-17 16:14:22.649  2227  2227 I PhoneStatusBar: setSystemUiVisibility vis=0 mask=1 oldVal=40000500 newVal=40000500 diff=0 fullscreenStackVis=0 dockedStackVis=0, fullscreenStackBounds=Rect(0, 0 - 0, 0), dockedStackBounds=Rect(0, 0 - 0, 0)
03-17 16:14:22.675  2227  2227 V PhoneStatusBar: setLightsOn(true)
03-17 16:14:22.675  2227  2227 I PhoneStatusBar: setSystemUiVisibility vis=0 mask=1 oldVal=40000500 newVal=40000500 diff=0 fullscreenStackVis=0 dockedStackVis=0, fullscreenStackBounds=Rect(0, 0 - 0, 0), dockedStackBounds=Rect(0, 0 - 0, 0)
03-17 16:14:22.688  2227  2227 I PhoneStatusBar: setSystemUiVisibility vis=0 mask=1 oldVal=40000500 newVal=40000500 diff=0 fullscreenStackVis=0 dockedStackVis=0, fullscreenStackBounds=Rect(0, 0 - 0, 0), dockedStackBounds=Rect(0, 0 - 0, 0)
03-17 16:14:23.457  1702  1820 I DisplayPowerController: HBM brightnessIn =38
03-17 16:14:23.458  1702  1820 D DisplayPowerController: Animating brightness: target=38, rate=200
03-17 16:14:24.971  1702 27365 W ActivityManager: getTasks: caller 10111 does not hold REAL_GET_TASKS; limiting output
03-17 16:14:24.979  1702 14640 W ActivityManager: getTasks: caller 10111 does not hold REAL_GET_TASKS; limiting output
03-17 16:14:25.046  1702  2250 W ActivityManager: getRunningAppProcesses: caller 10111 does not hold REAL_GET_TASKS; limiting output
03-17 16:14:27.047  1702  2096 D PowerManagerService: Acquiring suspend blocker "PowerManagerService.WakeLocks".
03-17 16:14:27.075  1702  1702 D PowerManagerService: ready=true,policy=3,wakefulness=1,wksummary=0x0,uasummary=0x1,bootcompleted=true,boostinprogress=false,waitmodeenable=false,mode=false,manual=38,auto=-1,adj=0.0userId=0
03-17 16:14:27.169  1702  2618 I DisplayManagerService: stopWifiDisplayScanLocked record.mWifiDisplayScanRequested=false
03-17 16:14:27.169  1702  2618 I DisplayManagerService: stopWifiDisplayScanLocked mWifiDisplayScanRequestCount=0
03-17 16:14:27.170  1702  1736 D ActivityManager: cleanUpApplicationRecord -- 23484
03-17 16:14:27.171  1702  1736 I ActivityManager: cleanUpApplicationRecordLocked, reset pid: 23484, euid: 0
03-17 16:14:29.484  1702  1820 I DisplayPowerController: HBM brightnessOut =38
03-17 16:14:29.484  1702  1820 D DisplayPowerController: Animating brightness: target=38, rate=200
03-17 16:14:32.795  1702  1820 I DisplayPowerController: HBM brightnessOut =38
03-17 16:14:32.795  1702  1820 D DisplayPowerController: Animating brightness: target=38, rate=200
03-17 16:14:33.097  1702  1820 D DisplayPowerController: Animating brightness: target=38, rate=200
03-17 16:14:33.691  1702 27357 W ActivityManager: getRunningAppProcesses: caller 10091 does not hold REAL_GET_TASKS; limiting output
03-17 16:14:36.708  1702  1820 I DisplayPowerController: HBM brightnessIn =38
03-17 16:14:36.708  1702  1820 D DisplayPowerController: Animating brightness: target=38, rate=200
03-17 16:14:37.011  1702  1820 D DisplayPowerController: Animating brightness: target=38, rate=200
03-17 16:14:37.312  1702  1820 I DisplayPowerController: HBM brightnessIn =38
03-17 16:14:37.312  1702  1820 D DisplayPowerController: Animating brightness: target=38, rate=200
03-17 16:14:39.811  1702 14640 W ActivityManager: getRunningAppProcesses: caller 10113 does not hold REAL_GET_TASKS; limiting output
03-17 16:14:42.814  1702  8303 W ActivityManager: getRunningAppProcesses: caller 10111 does not hold REAL_GET_TASKS; limiting output
03-17 16:14:43.030  1702  1820 I DisplayPowerController: HBM brightnessOut =38
03-17 16:14:47.846  1702  1820 D DisplayPowerController: Animating brightness: target=38, rate=200
03-17 16:14:50.111 23650 23685 V AudioManager: isMusicActive...
03-17 16:14:53.261  1702  1820 I DisplayPowerController: HBM brightnessOut =38
03-17 16:14:53.261  1702  1820 D DisplayPowerController: Animating brightness: target=38, rate=200
03-17 16:14:54.045  1702 17633 W ActivityManager: getRunningAppProcesses: caller 10113 does not hold REAL_GET_TASKS; limiting output
03-17 16:14:54.641  1702  2107 W ActivityManager: getRunningAppProcesses: caller 10113 does not hold REAL_GET_TASKS; limiting output
03-17 16:14:55.819 23650 23689 V AudioManager: isMusicActive...
03-17 16:14:56.126  1702  1737 D PowerManagerService: Acquiring suspend blocker "PowerManagerService.WakeLocks".
03-17 16:14:56.326  1702 17632 D PowerManagerService: ready=true,policy=3,wakefulness=1,wksummary=0x0,uasummary=0x1,bootcompleted=true,boostinprogress=false,waitmodeenable=false,mode=false,manual=38,auto=-1,adj=0.0userId=0
03-17 16:14:56.571  1702  1820 I DisplayPowerController: HBM brightnessOut =38
03-17 16:14:56.872  1702  1820 I DisplayPowerController: HBM brightnessOut =38
03-17 16:15:00.004  1702  2096 D PowerManagerService: ready=true,policy=3,wakefulness=1,wksummary=0x1,uasummary=0x1,bootcompleted=true,boostinprogress=false,waitmodeenable=false,mode=false,manual=38,auto=-1,adj=0.0userId=0
03-17 16:15:00.004  1702  2096 D PowerManagerService: Acquiring suspend blocker "PowerManagerService.WakeLocks".
03-17 16:15:00.005  1702  1702 V AlarmManager: Received TIME_TICK alarm; rescheduling
03-17 16:15:00.006  1702  1702 I AlarmManager: scheduleTimeTickEvent triggerAtTime = 509262332
03-17 16:15:00.026  2227  2227 I StackScrollAlgorithm: updateClipping isOverlap:false, getTopPadding=333.0, Translation=0.0
03-17 16:15:00.050  2227  2227 I StackScrollAlgorithm: updateClipping isOverlap:false, getTopPadding=333.0, Translation=0.0
03-17 16:15:00.099  1702  8671 W ActivityManager: getRunningAppProcesses: caller 10113 does not hold REAL_GET_TASKS; limiting output
03-17 16:15:00.354  1702  1702 D PowerManagerService: Releasing suspend blocker "PowerManagerService.WakeLocks".
03-17 16:15:00.939  1702  2558 D PowerManagerService: acquire lock=134680583, flags=0x1, tag="RILJ_ACK_WL", name=com.android.phone, ws=null, uid=1001, pid=2626
03-17 16:15:00.939  1702  2558 D PowerManagerService: Acquiring suspend blocker "PowerManagerService.WakeLocks".
03-17 16:15:00.967  1702  3137 I AlarmManager: remove(PendingIntent{e4e2534: PendingIntentRecord{e204f60 com.android.phone broadcastIntent}}) changed bounds; rebatching
03-17 16:15:01.805  1702 27357 D PowerManagerService: acquire lock=134680583, flags=0x1, tag="RILJ_ACK_WL", name=com.android.phone, ws=null, uid=1001, pid=2626
03-17 16:15:01.811  1702  1737 D PowerManagerService: ready=true,policy=3,wakefulness=1,wksummary=0x1,uasummary=0x1,bootcompleted=true,boostinprogress=false,waitmodeenable=false,mode=false,manual=38,auto=-1,adj=0.0userId=0
03-17 16:15:01.815  1702  2395 D PowerManagerService: ready=true,policy=3,wakefulness=1,wksummary=0x1,uasummary=0x1,bootcompleted=true,boostinprogress=false,waitmodeenable=false,mode=false,manual=38,auto=-1,adj=0.0userId=0
03-17 16:15:01.821  1702  2555 D PowerManagerService: ready=true,policy=3,wakefulness=1,wksummary=0x1,uasummary=0x1,bootcompleted=true,boostinprogress=false,waitmodeenable=false,mode=false,manual=38,auto=-1,adj=0.0userId=0
03-17 16:15:01.939  2626  2839 W PhoneInterfaceManager: shouldBlockLocation running ...
03-17 16:15:01.994  2626 22775 W PhoneInterfaceManager: shouldBlockLocation running ...
03-17 16:15:01.994  2626 22775 I PhoneInterfaceManager: shouldBlockLocation  ret:false
03-17 16:15:02.016  1702  2113 D PowerManagerService: release:lock=134680583, flg=0x0, tag="RILJ_ACK_WL", name=com.android.phone", ws=null, uid=1001, pid=2626
03-17 16:15:02.028  2626  2643 I PhoneInterfaceManager: shouldBlockLocation  ret:false
03-17 16:15:02.030  1702 14640 D PowerManagerService: ready=true,policy=3,wakefulness=1,wksummary=0x1,uasummary=0x1,bootcompleted=true,boostinprogress=false,waitmodeenable=false,mode=false,manual=38,auto=-1,adj=0.0userId=0
03-17 16:15:02.043  1702  2618 D PowerManagerService: ready=true,policy=3,wakefulness=1,wksummary=0x0,uasummary=0x1,bootcompleted=true,boostinprogress=false,waitmodeenable=false,mode=false,manual=38,auto=-1,adj=0.0userId=0
03-17 16:15:02.043  1702  2618 D PowerManagerService: Releasing suspend blocker "PowerManagerService.WakeLocks".
03-17 16:15:02.054  1702  8290 D PowerManagerService: ready=true,policy=3,wakefulness=1,wksummary=0x1,uasummary=0x1,bootcompleted=true,boostinprogress=false,waitmodeenable=false,mode=false,manual=38,auto=-1,adj=0.0userId=0
03-17 16:15:02.054  1702  8290 D PowerManagerService: Acquiring suspend blocker "PowerManagerService.WakeLocks".
03-17 16:15:02.085  1702 17630 D PowerManagerService: ready=true,policy=3,wakefulness=1,wksummary=0x0,uasummary=0x1,bootcompleted=true,boostinprogress=false,waitmodeenable=false,mode=false,manual=38,auto=-1,adj=0.0userId=0
03-17 16:15:02.087  2626  2642 W PhoneInterfaceManager: shouldBlockLocation running ...
03-17 16:15:02.087  2626  2642 I PhoneInterfaceManager: shouldBlockLocation  ret:false
03-17 16:15:02.896  1702  1820 I DisplayPowerController: HBM brightnessOut =38
03-17 16:15:03.502  1702  2639 W ActivityManager: Unable to start service Intent { act=com.tencent.android.tpush.action.keepalive cmp=com.qqgame.hlddz/com.tencent.android.tpush.service.XGPushService } U=0: not found
03-17 16:15:05.340  1702  1737 D PowerManagerService: ready=true,policy=3,wakefulness=1,wksummary=0x1,uasummary=0x1,bootcompleted=true,boostinprogress=false,waitmodeenable=false,mode=false,manual=38,auto=-1,adj=0.0userId=0
03-17 16:15:05.346  1702  2555 W ActivityManager: getRunningAppProcesses: caller 10091 does not hold REAL_GET_TASKS; limiting output
03-17 16:15:05.483  1702 17630 D PowerManagerService: ready=true,policy=3,wakefulness=1,wksummary=0x1,uasummary=0x1,bootcompleted=true,boostinprogress=false,waitmodeenable=false,mode=false,manual=38,auto=-1,adj=0.0userId=0
03-17 16:15:05.483  1702 17630 D PowerManagerService: Acquiring suspend blocker "PowerManagerService.WakeLocks".
03-17 16:15:05.686  1702  8290 D PowerManagerService: release:lock=120758482, flg=0x0, tag="RILJ_ACK_WL", name=com.android.phone", ws=null, uid=1001, pid=2626
03-17 16:15:05.687  1702  8290 D PowerManagerService: ready=true,policy=3,wakefulness=1,wksummary=0x0,uasummary=0x1,bootcompleted=true,boostinprogress=false,waitmodeenable=false,mode=false,manual=38,auto=-1,adj=0.0userId=0
03-17 16:15:05.687  1702  8290 D PowerManagerService: Releasing suspend blocker "PowerManagerService.WakeLocks".
03-17 16:15:05.994  1702  8303 D PowerManagerService: acquire lock=120758482, flags=0x1, tag="RILJ_ACK_WL", name=com.android.phone, ws=null, uid=1001, pid=2626
03-17 16:15:05.995  1702  8303 D PowerManagerService: ready=true,policy=3,wakefulness=1,wksummary=0x1,uasummary=0x1,bootcompleted=true,boostinprogress=false,waitmodeenable=false,mode=false,manual=38,auto=-1,adj=0.0userId=0
03-17 16:15:06.006  1702 14638 D PowerManagerService: ready=true,policy=3,wakefulness=1,wksummary=0x1,uasummary=0x1,bootcompleted=true,boostinprogress=false,waitmodeenable=false,mode=false,manual=38,auto=-1,adj=0.0userId=0
03-17 16:15:06.008  1702  8290 D PowerManagerService: ready=true,policy=3,wakefulness=1,wksummary=0x1,uasummary=0x1,bootcompleted=true,boostinprogress=false,waitmodeenable=false,mode=false,manual=38,auto=-1,adj=0.0userId=0
03-17 16:15:06.045  1702  2250 D PowerManagerService: ready=true,policy=3,wakefulness=1,wksummary=0x1,uasummary=0x1,bootcompleted=true,boostinprogress=false,waitmodeenable=false,mode=false,manual=38,auto=-1,adj=0.0userId=0
03-17 16:15:06.106  2626 22775 W PhoneInterfaceManager: shouldBlockLocation running ...
03-17 16:15:06.154  2626  2809 W PhoneInterfaceManager: shouldBlockLocation running ...
03-17 16:15:06.154  2626  2809 I PhoneInterfaceManager: shouldBlockLocation  ret:false
03-17 16:15:06.197  2626 23469 W PhoneInterfaceManager: shouldBlockLocation running ...
03-17 16:15:06.201  1702 17621 D PowerManagerService: release:lock=120758482, flg=0x0, tag="RILJ_ACK_WL", name=com.android.phone", ws=null, uid=1001, pid=2626
03-17 16:15:06.202  1702 17621 D PowerManagerService: ready=true,policy=3,wakefulness=1,wksummary=0x1,uasummary=0x1,bootcompleted=true,boostinprogress=false,waitmodeenable=false,mode=false,manual=38,auto=-1,adj=0.0userId=0
03-17 16:15:06.211  1702 27353 D PowerManagerService: Releasing suspend blocker "PowerManagerService.WakeLocks".
03-17 16:15:06.216  1702 10454 D PowerManagerService: ready=true,policy=3,wakefulness=1,wksummary=0x1,uasummary=0x1,bootcompleted=true,boostinprogress=false,waitmodeenable=false,mode=false,manual=38,auto=-1,adj=0.0userId=0
03-17 16:15:06.217  1702 10454 D PowerManagerService: Acquiring suspend blocker "PowerManagerService.WakeLocks".
03-17 16:15:06.224  1702  3693 D PowerManagerService: ready=true,policy=3,wakefulness=1,wksummary=0x0,uasummary=0x1,bootcompleted=true,boostinprogress=false,waitmodeenable=false,mode=false,manual=38,auto=-1,adj=0.0userId=0
03-17 16:15:06.235  1702  2633 D PowerManagerService: ready=true,policy=3,wakefulness=1,wksummary=0x0,uasummary=0x1,bootcompleted=true,boostinprogress=false,waitmodeenable=false,mode=false,manual=38,auto=-1,adj=0.0userId=0
03-17 16:15:06.235  1702  2633 D PowerManagerService: Releasing suspend blocker "PowerManagerService.WakeLocks".
03-17 16:15:06.241  2626  2838 I PhoneInterfaceManager: shouldBlockLocation  ret:false
03-17 16:15:06.807  1702  1820 I DisplayPowerController: HBM brightnessIn =38
03-17 16:15:07.861  1702  1736 D PowerManagerService: ready=true,policy=3,wakefulness=1,wksummary=0x1,uasummary=0x1,bootcompleted=true,boostinprogress=false,waitmodeenable=false,mode=false,manual=38,auto=-1,adj=0.0userId=0
03-17 16:15:07.902  1702  2555 D PowerManagerService: ready=true,policy=3,wakefulness=1,wksummary=0x1,uasummary=0x1,bootcompleted=true,boostinprogress=false,waitmodeenable=false,mode=false,manual=38,auto=-1,adj=0.0userId=0
03-17 16:15:07.969  2626  2838 I PhoneInterfaceManager: shouldBlockLocation  ret:false
03-17 16:15:08.023  2626  2839 I PhoneInterfaceManager: shouldBlockLocation  ret:false
03-17 16:15:08.055  1702  3694 D PowerManagerService: release:lock=120758482, flg=0x0, tag="RILJ_ACK_WL", name=com.android.phone", ws=null, uid=1001, pid=2626
03-17 16:15:08.056  1702  3694 D PowerManagerService: ready=true,policy=3,wakefulness=1,wksummary=0x0,uasummary=0x1,bootcompleted=true,boostinprogress=false,waitmodeenable=false,mode=false,manual=38,auto=-1,adj=0.0userId=0
03-17 16:15:08.056  1702  3694 D PowerManagerService: Releasing suspend blocker "PowerManagerService.WakeLocks".
03-17 16:15:08.059  3664  3807 D TelephonyManager: getNeighboringCellInfo calling app is com.amap.android.ams
03-17 16:15:08.066  1702  2644 D PowerManagerService: ready=true,policy=3,wakefulness=1,wksummary=0x1,uasummary=0x1,bootcompleted=true,boostinprogress=false,waitmodeenable=false,mode=false,manual=38,auto=-1,adj=0.0userId=0
03-17 16:15:08.066  1702  2644 D PowerManagerService: Acquiring suspend blocker "PowerManagerService.WakeLocks".
03-17 16:15:08.076  1702  2633 D PowerManagerService: ready=true,policy=3,wakefulness=1,wksummary=0x0,uasummary=0x1,bootcompleted=true,boostinprogress=false,waitmodeenable=false,mode=false,manual=38,auto=-1,adj=0.0userId=0
03-17 16:15:08.076  1702  2633 D PowerManagerService: Releasing suspend blocker "PowerManagerService.WakeLocks".
03-17 16:15:08.089  2626  2838 W PhoneInterfaceManager: shouldBlockLocation running ...
03-17 16:15:11.325  1702  1820 I DisplayPowerController: HBM brightnessIn =38
03-17 16:15:11.325  1702  1820 I DisplayPowerController: HBM brightnessOut =38
03-17 16:15:11.325  1702  1820 D DisplayPowerController: Animating brightness: target=38, rate=200
03-17 16:15:15.843  1702  1820 I DisplayPowerController: HBM brightnessIn =38
03-17 16:15:15.844  1702  1820 D DisplayPowerController: Animating brightness: target=38, rate=200
03-17 16:15:18.856 28601 28601 I AudioManager: abandonAudioFocus
03-17 16:15:18.866 28601 12278 I MediaPlayer: Pid:28601 MediaPlayer destructor
03-17 16:15:19.879  1702  2555 W ActivityManager: getRunningAppProcesses: caller 10111 does not hold REAL_GET_TASKS; limiting output
03-17 16:15:19.882  1702 17621 W ActivityManager: getRunningAppProcesses: caller 10111 does not hold REAL_GET_TASKS; limiting output
03-17 16:15:19.986  1702  3693 I DisplayManagerService: stopWifiDisplayScanLocked mWifiDisplayScanRequestCount=0
03-17 16:15:19.992  1702  2644 I ActivityManager: Process com.tencent.mobileqq:qzone (pid 12236) has died
03-17 16:15:19.992  1702  2644 D ActivityManager: cleanUpApplicationRecord -- 12236
03-17 16:15:19.993  1702  2644 W ActivityManager: Scheduling restart of crashed service com.tencent.mobileqq/cooperation.qzone.remote.logic.QzoneWebPluginProxyService in 1000ms
03-17 16:15:20.963  1702  1820 I DisplayPowerController: HBM brightnessIn =38
03-17 16:15:20.963  1702  1820 D DisplayPowerController: Animating brightness: target=38, rate=200
03-17 16:15:20.995  1702  1765 I ActivityManager: new Process app=ProcessRecord{6eaaf00 0:com.tencent.mobileqq:qzone/u0a111}, name: com.tencent.mobileqq:qzone, euid: 0
03-17 16:15:21.065  1702  1765 I ActivityManager: Start proc 13003:com.tencent.mobileqq:qzone/u0a111 for service com.tencent.mobileqq/cooperation.qzone.remote.logic.QzoneWebPluginProxyService
03-17 16:15:21.230  1702  2107 W ActivityManager: getRunningAppProcesses: caller 10111 does not hold REAL_GET_TASKS; limiting output
03-17 16:15:21.264  1702  1820 I DisplayPowerController: HBM brightnessIn =38
03-17 16:15:21.566  1702  1820 I DisplayPowerController: HBM brightnessIn =38
03-17 16:15:21.566  1702  1820 I DisplayPowerController: HBM brightnessOut =38
03-17 16:15:21.566  1702  1820 D DisplayPowerController: Animating brightness: target=38, rate=200
03-17 16:15:21.868  1702  8671 W ActivityManager: getRunningAppProcesses: caller 10113 does not hold REAL_GET_TASKS; limiting output
03-17 16:15:22.067  1702  8303 W ActivityManager: getRunningAppProcesses: caller 10111 does not hold REAL_GET_TASKS; limiting output
03-17 16:15:22.073  1702  2395 W ActivityManager: getRunningAppProcesses: caller 10111 does not hold REAL_GET_TASKS; limiting output
03-17 16:15:22.154  1702  2113 W ActivityManager: getRunningAppProcesses: caller 10111 does not hold REAL_GET_TASKS; limiting output
03-17 16:15:22.425  1702  3137 W ActivityManager: getRunningAppProcesses: caller 10111 does not hold REAL_GET_TASKS; limiting output
03-17 16:15:22.517  1702 17630 W ActivityManager: getRunningAppProcesses: caller 10111 does not hold REAL_GET_TASKS; limiting output
03-17 16:15:24.872  1702  1820 I DisplayPowerController: HBM brightnessIn =38
03-17 16:15:24.873  1702  1820 D DisplayPowerController: Animating brightness: target=38, rate=200
03-17 16:15:25.011  1702  2556 W ActivityManager: getTasks: caller 10111 does not hold REAL_GET_TASKS; limiting output
03-17 16:15:25.015  1702 17622 W ActivityManager: getTasks: caller 10111 does not hold REAL_GET_TASKS; limiting output
03-17 16:15:25.020  1702 14640 W ActivityManager: getTasks: caller 10111 does not hold REAL_GET_TASKS; limiting output
03-17 16:15:25.046  1702 17621 W ActivityManager: getRunningAppProcesses: caller 10111 does not hold REAL_GET_TASKS; limiting output
03-17 16:15:25.164  1702  2105 D PowerManagerService: ready=true,policy=3,wakefulness=1,wksummary=0x0,uasummary=0x1,bootcompleted=true,boostinprogress=false,waitmodeenable=false,mode=false,manual=38,auto=-1,adj=0.0userId=0
03-17 16:15:25.167  2227  2227 I PhoneStatusBar: suspendAutohide
03-17 16:15:25.170  1702 14638 D WindowManager: interceptKeyBeforeQueueing: key 4 , result : 1
03-17 16:15:25.196  1702  3693 I WindowManager: Destroying surface Surface(name=PopupWindow:317e46) called by com.android.server.wm.WindowStateAnimator.destroySurface:2060 com.android.server.wm.WindowStateAnimator.destroySurfaceLocked:913 com.android.server.wm.WindowState.removeLocked:1554 com.android.server.wm.WindowManagerService.removeWindowInnerLocked:2739 com.android.server.wm.WindowManagerService.removeWindowInnerLocked:2702 com.android.server.wm.WindowManagerService.removeWindowLocked:2691 com.android.server.wm.WindowManagerService.removeWindowLocked:2560 com.android.server.wm.WindowManagerService.removeWindow:2555 
03-17 16:15:25.201  2227  2227 I PhoneStatusBar: setSystemUiVisibility vis=0 mask=1 oldVal=40000500 newVal=40000500 diff=0 fullscreenStackVis=0 dockedStackVis=0, fullscreenStackBounds=Rect(0, 0 - 0, 0), dockedStackBounds=Rect(0, 0 - 0, 0)
03-17 16:15:25.265  1702  2107 D WindowManager: interceptKeyTq keycode=4 interactive=true keyguardActive=false policyFlags=2b000002 down false canceled false
03-17 16:15:25.266  2227  2318 V AudioManager: querySoundEffectsEnabled...
03-17 16:15:25.307  2227  2227 I PhoneStatusBar: setSystemUiVisibility vis=0 mask=1 oldVal=40000500 newVal=40000500 diff=0 fullscreenStackVis=0 dockedStackVis=0, fullscreenStackBounds=Rect(0, 0 - 0, 0), dockedStackBounds=Rect(0, 0 - 0, 0)
03-17 16:15:25.330  2227  2227 V PhoneStatusBar: setLightsOn(true)
03-17 16:15:25.331  2227  2227 I PhoneStatusBar: setSystemUiVisibility vis=0 mask=1 oldVal=40000500 newVal=40000500 diff=0 fullscreenStackVis=0 dockedStackVis=0, fullscreenStackBounds=Rect(0, 0 - 0, 0), dockedStackBounds=Rect(0, 0 - 0, 0)
03-17 16:15:25.336  2227  2227 V PhoneStatusBar: setLightsOn(true)
03-17 16:15:25.336  2227  2227 I PhoneStatusBar: setSystemUiVisibility vis=0 mask=1 oldVal=40000500 newVal=40000500 diff=0 fullscreenStackVis=0 dockedStackVis=0, fullscreenStackBounds=Rect(0, 0 - 0, 0), dockedStackBounds=Rect(0, 0 - 0, 0)
03-17 16:15:25.448  1702  1815 I WindowManager: Destroying surface Surface(name=InputMethod) called by com.android.server.wm.WindowStateAnimator.destroySurface:2060 com.android.server.wm.WindowStateAnimator.destroySurfaceLocked:913 com.android.server.wm.WindowState.destroyOrSaveSurface:2201 com.android.server.wm.WindowSurfacePlacer.performSurfacePlacementInner:517 com.android.server.wm.WindowSurfacePlacer.performSurfacePlacementLoop:291 com.android.server.wm.WindowSurfacePlacer.performSurfacePlacement:233 com.android.server.wm.WindowManagerService$H.handleMessage:8670 android.os.Handler.dispatchMessage:105 
03-17 16:15:25.482  1702 27353 D WindowManager: interceptKeyTq keycode=4 interactive=true keyguardActive=false policyFlags=2b000002 down true canceled false
03-17 16:15:25.482  1702 27353 D WindowManager: interceptKeyBeforeQueueing: key 4 , result : 1
03-17 16:15:25.531  2227  2227 I PhoneStatusBar: setSystemUiVisibility vis=0 mask=1 oldVal=40000500 newVal=40000500 diff=0 fullscreenStackVis=0 dockedStackVis=0, fullscreenStackBounds=Rect(0, 0 - 0, 0), dockedStackBounds=Rect(0, 0 - 0, 0)
03-17 16:15:25.549  1702 27357 D WindowManager: interceptKeyTq keycode=4 interactive=true keyguardActive=false policyFlags=2b000002 down false canceled false
03-17 16:15:25.549  1702 27357 D WindowManager: interceptKeyBeforeQueueing: key 4 , result : 1
03-17 16:15:25.821 23650 23689 V AudioManager: isMusicActive...
03-17 16:15:26.148  1702  2105 D PowerManagerService: userActivityNoUpdateLocked: eventTime=261950783, event=2, flags=0x0, uid=1000
03-17 16:15:26.149  1702  2105 D PowerManagerService: ready=true,policy=3,wakefulness=1,wksummary=0x0,uasummary=0x1,bootcompleted=true,boostinprogress=false,waitmodeenable=false,mode=false,manual=38,auto=-1,adj=0.0userId=0
03-17 16:15:26.149  2227  2227 I PhoneStatusBar: suspendAutohide
03-17 16:15:26.153  1702 27353 D WindowManager: interceptKeyBeforeQueueing: key 3 , result : 1
03-17 16:15:26.154  1702  2105 D PowerManagerService: ready=true,policy=3,wakefulness=1,wksummary=0x0,uasummary=0x1,bootcompleted=true,boostinprogress=false,waitmodeenable=false,mode=false,manual=38,auto=-1,adj=0.0userId=0
03-17 16:15:26.250  1702  2639 D PowerManagerService: ready=true,policy=3,wakefulness=1,wksummary=0x0,uasummary=0x1,bootcompleted=true,boostinprogress=false,waitmodeenable=false,mode=false,manual=38,auto=-1,adj=0.0userId=0
03-17 16:15:26.252  1702  2618 D WindowManager: interceptKeyTq keycode=3 interactive=true keyguardActive=false policyFlags=2b000002 down false canceled false
03-17 16:15:26.252  1702  2618 D WindowManager: interceptKeyBeforeQueueing: key 3 , result : 1
03-17 16:15:26.253  2227  2318 V AudioManager: querySoundEffectsEnabled...
03-17 16:15:26.272  1702  2105 D PowerManagerService: userActivityNoUpdateLocked: eventTime=261950909, event=0, flags=0x0, uid=1000
03-17 16:15:26.273  1702  2105 D PowerManagerService: ready=true,policy=3,wakefulness=1,wksummary=0x0,uasummary=0x1,bootcompleted=true,boostinprogress=false,waitmodeenable=false,mode=false,manual=38,auto=-1,adj=0.0userId=0
03-17 16:15:26.277  2227  2227 I PanelView: closeQs
03-17 16:15:26.278  2227  2227 I PanelView: cancelPeek: false
03-17 16:15:26.278  2227  2227 I PanelView: cancelPeek: false
03-17 16:15:26.295  2227  2227 V PhoneStatusBar: setLightsOn(true)
03-17 16:15:26.296  2227  2227 I PhoneStatusBar: setSystemUiVisibility vis=0 mask=1 oldVal=40000500 newVal=40000500 diff=0 fullscreenStackVis=0 dockedStackVis=0, fullscreenStackBounds=Rect(0, 0 - 0, 0), dockedStackBounds=Rect(0, 0 - 0, 0)
03-17 16:15:26.304  2227  2227 I PhoneStatusBar: setSystemUiVisibility vis=0 mask=1 oldVal=40000500 newVal=40000500 diff=0 fullscreenStackVis=0 dockedStackVis=0, fullscreenStackBounds=Rect(0, 0 - 0, 0), dockedStackBounds=Rect(0, 0 - 0, 0)
03-17 16:15:26.317  2227  2227 I PhoneStatusBar: setSystemUiVisibility vis=0 mask=1 oldVal=40000500 newVal=40000500 diff=0 fullscreenStackVis=0 dockedStackVis=0, fullscreenStackBounds=Rect(0, 0 - 0, 0), dockedStackBounds=Rect(0, 0 - 0, 0)
03-17 16:15:26.375  1702  1820 I DisplayPowerController: HBM brightnessOut =38
03-17 16:15:26.376  1702 14640 I WindowManager: Taking screenshot from Surface with crop:[Rect(0, 48 - 720, 1208)], width:[432], height:[696], minLayer:[21000], maxLayer:[21080], inRotation:[false], rot:[0]
03-17 16:15:26.462  1702  8303 I WindowManager: The change in focus caused us to need to do a layout begin
03-17 16:15:26.467  2227  2227 I PhoneStatusBar: cancelAutohide
03-17 16:15:26.467  2227  2227 I PhoneStatusBar: notifyUiVisibilityChanged:vis=0x708, SystemUiVisibility=0x708
03-17 16:15:26.530  1702  2639 D ActivityManager: Skipping, withExcluded: false, tr.intent:Intent { flg=0x10800000 cmp=com.tencent.qqmusic/.business.lockscreen.LockScreenActivity (has extras) }
03-17 16:15:26.530  1702  2639 D ActivityManager: getRecentTasks: num=20,flags=62,totalTasks=46
03-17 16:15:26.542  1702 17630 D ActivityManager: Skipping, withExcluded: false, tr.intent:Intent { flg=0x10804000 cmp=com.android.systemui/.recents.RecentsActivity bnds=[264,444][920,908] }
03-17 16:15:26.542  1702 17630 D ActivityManager: Skipping, withExcluded: false, tr.intent:Intent { act=android.intent.action.MAIN flg=0x10840000 cmp=com.android.incallui/.InCallActivity (has extras) }
03-17 16:15:26.542  1702 17630 D ActivityManager: getRecentTasks: num=10,flags=62,totalTasks=46
03-17 16:15:26.542  1702 17630 D ActivityManager: getRecentTasks: topActivity=ComponentInfo{com.tencent.mobileqq/com.tencent.mobileqq.activity.SplashActivity}
03-17 16:15:26.577  2227  2227 I PhoneStatusBar: setSystemUiVisibility vis=c0000700 mask=ffffffff oldVal=708 newVal=c0000700 diff=c0000008 fullscreenStackVis=0 dockedStackVis=0, fullscreenStackBounds=Rect(0, 0 - 720, 1280), dockedStackBounds=Rect(0, 0 - 0, 0)
03-17 16:15:26.619  1702 17630 D PowerManagerService: Releasing suspend blocker "PowerManagerService.WakeLocks".
03-17 16:15:26.888  1702  1737 W ActivityManager: getTasks: caller 10111 does not hold REAL_GET_TASKS; limiting output
03-17 16:15:26.889  1702  2644 D ActivityManager: ActivityManagerService,attachApplication,callingPid = 13094
03-17 16:15:26.900  1702 14638 W ActivityManager: getTasks: caller 10111 does not hold REAL_GET_TASKS; limiting output
03-17 16:15:26.920  2626  2839 W PhoneInterfaceManager: shouldBlockLocation running ...
03-17 16:15:27.005  1702  2556 W ActivityManager: getRunningAppProcesses: caller 10027 does not hold REAL_GET_TASKS; limiting output
03-17 16:15:27.025  1702  1737 W ActivityManager: getRunningAppProcesses: caller 10027 does not hold REAL_GET_TASKS; limiting output
03-17 16:15:27.175  2626  2809 I PhoneInterfaceManager: shouldBlockLocation  ret:false
03-17 16:15:27.179  1702  3137 D PowerManagerService: Acquiring suspend blocker "PowerManagerService.WakeLocks".
03-17 16:15:27.188  1702 17630 D PowerManagerService: ready=true,policy=3,wakefulness=1,wksummary=0x0,uasummary=0x1,bootcompleted=true,boostinprogress=false,waitmodeenable=false,mode=false,manual=38,auto=-1,adj=0.0userId=0
03-17 16:15:27.189  1702  3693 D PowerManagerService: ready=true,policy=3,wakefulness=1,wksummary=0x1,uasummary=0x1,bootcompleted=true,boostinprogress=false,waitmodeenable=false,mode=false,manual=38,auto=-1,adj=0.0userId=0
03-17 16:15:27.190  1702  3693 D PowerManagerService: Acquiring suspend blocker "PowerManagerService.WakeLocks".
03-17 16:15:27.198  1702 17632 D PowerManagerService: ready=true,policy=3,wakefulness=1,wksummary=0x0,uasummary=0x1,bootcompleted=true,boostinprogress=false,waitmodeenable=false,mode=false,manual=38,auto=-1,adj=0.0userId=0
03-17 16:15:27.236  2626  2838 W PhoneInterfaceManager: shouldBlockLocation running ...
03-17 16:15:27.305  2626  2808 W PhoneInterfaceManager: shouldBlockLocation running ...
03-17 16:15:27.305  2626  2808 I PhoneInterfaceManager: shouldBlockLocation  ret:false
03-17 16:15:27.628  1702  2107 W ActivityManager: getRunningAppProcesses: caller 10027 does not hold REAL_GET_TASKS; limiting output
03-17 16:15:27.828  1702  2107 I DisplayManagerService: stopWifiDisplayScanLocked record.mWifiDisplayScanRequested=false
03-17 16:15:27.828  1702  2107 I DisplayManagerService: stopWifiDisplayScanLocked mWifiDisplayScanRequestCount=0
03-17 16:15:27.829  1702 27365 D ActivityManager: cleanUpApplicationRecord -- 13094
03-17 16:15:27.830  1702 27365 I ActivityManager: cleanUpApplicationRecordLocked, pid: 13094, restart: false
03-17 16:15:27.830  1702 27365 I ActivityManager: cleanUpApplicationRecordLocked, reset pid: 13094, euid: 0
03-17 16:15:28.099  2626  8682 W PhoneInterfaceManager: shouldBlockLocation running ...
03-17 16:15:28.489  1702  1820 I DisplayPowerController: HBM brightnessOut =38
03-17 16:15:29.091  1702  1820 I DisplayPowerController: HBM brightnessOut =38
03-17 16:15:29.091  1702  1820 D DisplayPowerController: Animating brightness: target=38, rate=200
03-17 16:15:29.173  2626  2643 W PhoneInterfaceManager: shouldBlockLocation running ...
03-17 16:15:29.392  1702  1820 I DisplayPowerController: HBM brightnessIn =38
03-17 16:15:29.392  1702  1820 D DisplayPowerController: Animating brightness: target=38, rate=200
03-17 16:15:29.995  1702  1820 I DisplayPowerController: HBM brightnessIn =38
03-17 16:15:29.995  1702  1820 D DisplayPowerController: Animating brightness: target=38, rate=200
03-17 16:15:30.026  1702  3694 W ActivityManager: getTasks: caller 10111 does not hold REAL_GET_TASKS; limiting output
03-17 16:15:30.297  1702  1820 I DisplayPowerController: HBM brightnessIn =38
03-17 16:15:30.297  1702  1820 D DisplayPowerController: Animating brightness: target=38, rate=200
03-17 16:15:30.902  1702  1820 I DisplayPowerController: HBM brightnessIn =38
03-17 16:15:31.202  1702  1820 I DisplayPowerController: HBM brightnessIn =38
03-17 16:15:31.202  1702  1820 D DisplayPowerController: Animating brightness: target=38, rate=200
03-17 16:15:32.289  1702  3693 W ActivityManager: getTasks: caller 10111 does not hold REAL_GET_TASKS; limiting output
03-17 16:15:33.396  1702  1702 I NotificationManager: cancelNotification,index:-1
03-17 16:15:33.398  1702  3137 I NotificationManager: cancelNotificationWithTag pid 28601,uid = 10111,tag = null,pkg =com.tencent.mobileqq,id =119
03-17 16:15:33.398  1702  1702 I NotificationManager: cancelNotification,index:-1
03-17 16:15:33.424  1702  1702 I NotificationManager: enqueueNotificationInternal: n.getKey = 0|com.tencent.mobileqq|121|null|10111
03-17 16:15:33.427  1702  1702 I NotificationManager: updateLightsLocked,mInCall =false,mScreenOn = true,ledNotification == null?false
03-17 16:15:33.427  1702  1702 I NotificationManager: updateLightsLocked,turn off notificationLight
03-17 16:15:33.527  2227  2227 D PhoneStatusBar: disable: < expand ICONS* alerts SYSTEM_INFO* back home recent clock navigationbar search quick_settings >
03-17 16:15:33.529  2227  2227 I PhoneStatusBar: updateNotificationShade: total=0, active=0
03-17 16:15:33.529  2227  2227 I PhoneStatusBar: removeNotificationChildren
03-17 16:15:33.530  2227  2227 I PhoneStatusBar: updateNotificationShade: total=1, active=1
03-17 16:15:33.530  1702  2113 I NotificationManager: Marking notification as seen 0|com.tencent.mobileqq|121|null|10111
03-17 16:15:33.533  1702 17621 I NotificationManager: onNotificationExpansionChanged called
03-17 16:15:33.652  2227  2227 I StackScrollAlgorithm: updateClipping isOverlap:false, getTopPadding=333.0, Translation=-497.0
03-17 16:15:33.691  1702  1736 W ActivityManager: getRunningAppProcesses: caller 10091 does not hold REAL_GET_TASKS; limiting output
03-17 16:15:34.294  2227  2227 I StackScrollAlgorithm: updateClipping isOverlap:false, getTopPadding=333.0, Translation=-497.0
03-17 16:15:34.294  2227  2227 I StackScrollAlgorithm: updateDimmedActivatedHideSensitive overlap:false
03-17 16:15:34.297  2227  2318 I PhoneStatusBar: logNotificationVisibilityChanges runInThread start
03-17 16:15:36.912  3714  3714 V AudioManager: playSoundEffect   effectType: 0
03-17 16:15:36.912  3714  3714 V AudioManager: querySoundEffectsEnabled...
03-17 16:15:36.921  1702  2113 I ActivityManager: START u0 {act=android.intent.action.MAIN cat=[android.intent.category.LAUNCHER] flg=0x10200000 cmp=com.example.android.notepad/.NotePadActivity bnds=[8,820][184,1011]} from uid 10057 on display 0
03-17 16:15:36.922  1702  2113 I ActivityManager: ActivityRecord info: ActivityInfo{f39182 com.example.android.notepad.NotePadActivity}, euid: 0
03-17 16:15:36.937  1702  2113 D PowerManagerService: acquire lock=189667585, flags=0x1, tag="*launch*", name=android, ws=WorkSource{10020}, uid=1000, pid=1702
03-17 16:15:36.937  1702  2113 D PowerManagerService: ready=true,policy=3,wakefulness=1,wksummary=0x1,uasummary=0x1,bootcompleted=true,boostinprogress=false,waitmodeenable=false,mode=false,manual=38,auto=-1,adj=0.0userId=0
03-17 16:15:37.011  1702  8303 I WindowManager: rotationForOrientationLw(orient=-1, last=0); user=0 USER_ROTATION_LOCKED
03-17 16:15:37.078  2227  2227 I PhoneStatusBar: setSystemUiVisibility vis=80000608 mask=ffffffff oldVal=c0000700 newVal=80000608 diff=40000108 fullscreenStackVis=0 dockedStackVis=0, fullscreenStackBounds=Rect(0, 0 - 720, 1280), dockedStackBounds=Rect(0, 0 - 0, 0)
03-17 16:15:37.079  2227  2227 I PhoneStatusBar: cancelAutohide
03-17 16:15:37.138  1702 10454 D ActivityManager: Skipping, withExcluded: false, tr.intent:Intent { act=android.intent.action.MAIN flg=0x10840000 cmp=com.android.incallui/.InCallActivity (has extras) }
03-17 16:15:37.138  1702 10454 D ActivityManager: Skipping, withExcluded: false, tr.intent:Intent { flg=0x18800000 cmp=com.tencent.mm/.plugin.base.stub.WXEntryActivity (has extras) }
03-17 16:15:37.138  1702 10454 D ActivityManager: Skipping, withExcluded: false, tr.intent:Intent { act=com.android.contacts.action.CHOOSE_SUB dat=tel:xxxxxxxxxxx flg=0x10808000 cmp=com.android.contacts/.ChooseSubActivity (has extras) }
03-17 16:15:37.138  1702 10454 D ActivityManager: Skipping, withExcluded: false, tr.intent:Intent { act=android.intent.action.VIEW dat=file:///storage/emulated/0/Tencent/QQfile_recv/b.apk typ=application/vnd.android.package-archive flg=0x10800000 cmp=com.android.packageinstaller/.PackageInstallerActivity (has extras) }
03-17 16:15:37.138  1702 10454 D ActivityManager: getRecentTasks: num=20,flags=62,totalTasks=46
03-17 16:15:37.153  1702  2639 D ActivityManager: Skipping, withExcluded: false, tr.intent:Intent { flg=0x18800000 cmp=com.tencent.mm/.plugin.base.stub.WXEntryActivity (has extras) }
03-17 16:15:37.178  2227  2227 I PhoneStatusBar: setSystemUiVisibility vis=40000600 mask=ffffffff oldVal=80000608 newVal=40000600 diff=c0000008 fullscreenStackVis=0 dockedStackVis=0, fullscreenStackBounds=Rect(0, 0 - 720, 1280), dockedStackBounds=Rect(0, 0 - 0, 0)
03-17 16:15:37.178  2227  2227 I PhoneStatusBar: cancelAutohide
03-17 16:15:37.191  1702  8289 D PowerManagerService: Releasing suspend blocker "PowerManagerService.WakeLocks".
03-17 16:15:39.215  1702  2105 D PowerManagerService: userActivityNoUpdateLocked: eventTime=261963848, event=2, flags=0x0, uid=1000
03-17 16:15:39.249  2227  2227 I StackScrollAlgorithm: overlapAmount:164.0, previousNotificationEnd:0.0, newYTranslation:-164.0, location:4, i:0, getTopPadding:333.0, getLocationOnScreen():-497
03-17 16:15:39.249  2227  2227 I StackScrollAlgorithm: updateClipping isOverlap:true, getTopPadding=333.0, Translation=-497.0
03-17 16:15:39.249  2227  2227 I StackScrollAlgorithm: updateDimmedActivatedHideSensitive overlap:true
03-17 16:15:39.444  1702  2618 D WindowManager: ACTIVITY check resid: com.example.android.notepad, size=0
03-17 16:15:39.552  2227  2227 I PhoneStatusBar: updateNotificationShade: total=1, active=1
03-17 16:15:39.587  2227  2227 I StackScrollAlgorithm: overlapAmount:220.0, previousNotificationEnd:0.0, newYTranslation:-220.0, location:4, i:0, getTopPadding:333.0, getLocationOnScreen():-553
03-17 16:15:39.589  2227  2227 I StackScrollAlgorithm: state.clipTopAmount:204, i:0
03-17 16:15:39.589  2227  2227 I StackScrollAlgorithm: updateClipping isOverlap:true, getTopPadding=333.0, Translation=-553.0
03-17 16:15:39.589  2227  2227 I StackScrollAlgorithm: updateDimmedActivatedHideSensitive overlap:true
03-17 16:15:39.597  2227  2227 I PanelView: closeQs
03-17 16:15:39.598  2227  2227 I PanelView: instantCollapse
03-17 16:15:39.598  2227  2227 I PanelView: closeQs
03-17 16:15:39.599  1702  2113 I NotificationManager: onNotificationVisibilityChanged called
03-17 16:15:39.600  2227  2227 I PhoneStatusBar: resumeSuspendedAutohide
03-17 16:15:39.603  2227  2318 I PhoneStatusBar: logNotificationVisibilityChanges runInThread over
03-17 16:15:42.380  1702  2105 D PowerManagerService: ready=true,policy=3,wakefulness=1,wksummary=0x0,uasummary=0x1,bootcompleted=true,boostinprogress=false,waitmodeenable=false,mode=false,manual=38,auto=-1,adj=0.0userId=0
03-17 16:15:43.641  1702  1736 W ActivityManager: getRunningAppProcesses: caller 10113 does not hold REAL_GET_TASKS; limiting output
03-17 16:15:43.694  1702  2105 D PowerManagerService: userActivityNoUpdateLocked: eventTime=261968328, event=2, flags=0x0, uid=1000
03-17 16:15:43.695  1702  2105 D PowerManagerService: ready=true,policy=3,wakefulness=1,wksummary=0x0,uasummary=0x1,bootcompleted=true,boostinprogress=false,waitmodeenable=false,mode=false,manual=38,auto=-1,adj=0.0userId=0
03-17 16:15:44.296  1702  2105 D PowerManagerService: ready=true,policy=3,wakefulness=1,wksummary=0x0,uasummary=0x1,bootcompleted=true,boostinprogress=false,waitmodeenable=false,mode=false,manual=38,auto=-1,adj=0.0userId=0
03-17 16:15:44.810  1702  2105 D PowerManagerService: userActivityNoUpdateLocked: eventTime=261969446, event=2, flags=0x0, uid=1000
03-17 16:15:44.811  1702  2105 D PowerManagerService: ready=true,policy=3,wakefulness=1,wksummary=0x0,uasummary=0x1,bootcompleted=true,boostinprogress=false,waitmodeenable=false,mode=false,manual=38,auto=-1,adj=0.0userId=0
03-17 16:15:45.342  1702  1820 I DisplayPowerController: HBM brightnessIn =38
03-17 16:15:45.342  1702  1820 D DisplayPowerController: Animating brightness: target=38, rate=200
03-17 16:15:46.246  1702  1820 I DisplayPowerController: HBM brightnessIn =38
03-17 16:15:46.246  1702  1820 I DisplayPowerController: HBM brightnessOut =38
03-17 16:15:46.246  1702  1820 D DisplayPowerController: Animating brightness: target=38, rate=200
03-17 16:15:46.332  1702  2105 D PowerManagerService: userActivityNoUpdateLocked: eventTime=261970966, event=2, flags=0x0, uid=1000
03-17 16:15:46.333  1702  2105 D PowerManagerService: ready=true,policy=3,wakefulness=1,wksummary=0x0,uasummary=0x1,bootcompleted=true,boostinprogress=false,waitmodeenable=false,mode=false,manual=38,auto=-1,adj=0.0userId=0
03-17 16:15:46.398 19609 19609 V AudioManager: playSoundEffect   effectType: 0
03-17 16:15:46.546  1702  2113 I WindowManager: Destroying surface Surface(name=PopupWindow:317e46) called by com.android.server.wm.WindowStateAnimator.destroySurface:2060 com.android.server.wm.WindowStateAnimator.destroySurfaceLocked:913 com.android.server.wm.WindowState.removeLocked:1554 com.android.server.wm.WindowManagerService.removeWindowInnerLocked:2739 com.android.server.wm.WindowManagerService.removeWindowInnerLocked:2702 com.android.server.wm.WindowManagerService.removeWindowLocked:2691 com.android.server.wm.WindowManagerService.removeWindowLocked:2560 com.android.server.wm.WindowManagerService.removeWindow:2555 
03-17 16:15:47.405  1702 17621 D WindowManager: ACTIVITY check resid: com.example.android.notepad, size=1
03-17 16:15:47.410  2227  2227 I PhoneStatusBar: setSystemUiVisibility vis=40000000 mask=ffffffff oldVal=40000600 newVal=40000000 diff=600 fullscreenStackVis=0 dockedStackVis=0, fullscreenStackBounds=Rect(0, 0 - 720, 1280), dockedStackBounds=Rect(0, 0 - 0, 0)
03-17 16:15:47.518  1702  2105 D PowerManagerService: userActivityNoUpdateLocked: eventTime=261972153, event=2, flags=0x0, uid=1000
03-17 16:15:47.521  2227  2227 I PhoneStatusBar: suspendAutohide
03-17 16:15:47.524  1702 10454 D WindowManager: interceptKeyTq keycode=3 interactive=true keyguardActive=false policyFlags=2b000002 down true canceled false
03-17 16:15:47.524  1702 10454 D WindowManager: interceptKeyBeforeQueueing: key 3 , result : 1
03-17 16:15:47.525  1702  2105 D PowerManagerService: userActivityNoUpdateLocked: eventTime=261972159, event=1, flags=0x0, uid=1000
03-17 16:15:47.526  1702  2105 D PowerManagerService: ready=true,policy=3,wakefulness=1,wksummary=0x0,uasummary=0x1,bootcompleted=true,boostinprogress=false,waitmodeenable=false,mode=false,manual=38,auto=-1,adj=0.0userId=0
03-17 16:15:47.585  2227  2227 I PhoneStatusBar: resumeSuspendedAutohide
03-17 16:15:47.586  1702  8303 D PowerManagerService: userActivityNoUpdateLocked: eventTime=261972223, event=0, flags=0x0, uid=1000
03-17 16:15:47.587  1702  8303 D PowerManagerService: ready=true,policy=3,wakefulness=1,wksummary=0x0,uasummary=0x1,bootcompleted=true,boostinprogress=false,waitmodeenable=false,mode=false,manual=38,auto=-1,adj=0.0userId=0
03-17 16:15:47.589  1702  3697 D WindowManager: interceptKeyTq keycode=3 interactive=true keyguardActive=false policyFlags=2b000002 down false canceled false
03-17 16:15:47.589  1702  3697 D WindowManager: interceptKeyBeforeQueueing: key 3 , result : 1
03-17 16:15:47.590  2227  2318 V AudioManager: querySoundEffectsEnabled...
